contig00001_1	gnl|CDD|224121	3e-10	39.34	129	19	79	10	68	61	677
contig00001_y	gnl|CDD|223080	2e-57	38.16	480	193	416	1	222	228	226
contig00001_z	gnl|CDD|223081	2e-57	38.16	480	193	416	1	222	228	226
contig00001_2	gnl|CDD|225059	2e-57	38.16	480	193	416	1	222	228	226
contig00002_2	gnl|CDD|224544	1e-16	15.75	201	361	889	250	737	546	768
contig00002_7	gnl|CDD|224544	2e-10	13.02	148	415	966	266	767	553	768
contig00002_x	gnl|CDD|225059	2e-57	38.16	480	193	416	1	222	228	226
contig00002_z	gnl|CDD|223081	2e-57	38.16	480	193	416	1	222	228	226