contig00001_1	gnl|CDD|224121	3e-10	39.34	129	19	79	10	68	61	677
contig00001_2	gnl|CDD|225059	2e-57	38.16	480	193	416	1	222	228	226
contig00001_3	gnl|CDD|223515	9e-13	27.33	164	117	271	147	301	161	381
contig00001_3	gnl|CDD|223515	3e-10	15.90	143	348	687	11	373	371	381
contig00001_5	gnl|CDD|223608	4e-66	34.09	560	7	444	16	452	440	455
contig00001_5	gnl|CDD|223608	8e-07	21.82	115	233	449	18	235	220	455
contig00001_6	gnl|CDD|225114	6e-166	51.34	1222	1	370	2	373	374	464
contig00001_7	gnl|CDD|223326	5e-53	33.66	461	8	307	4	303	303	492
contig00001_8	gnl|CDD|225803	1e-61	38.01	529	5	274	542	812	271	835
contig00001_9	gnl|CDD|224582	7e-21	23.47	227	1	419	1	394	426	407
contig00001_10	gnl|CDD|226631	1e-101	44.15	773	5	302	3	295	299	300
contig00001_11	gnl|CDD|224118	0.0	39.31	2619	57	1078	39	1105	1094	1139
contig00001_12	gnl|CDD|223236	6e-178	60.06	1285	25	352	2	323	328	326
contig00001_13	gnl|CDD|223532	3e-08	21.77	114	1	139	5	148	147	177
contig00001_14	gnl|CDD|223601	1e-76	31.64	628	3	399	2	402	414	447
contig00001_17	gnl|CDD|223189	8e-85	39.10	664	1	308	3	304	312	324
contig00001_18	gnl|CDD|225148	1e-98	40.50	780	10	448	9	447	442	451
contig00001_19	gnl|CDD|223109	6e-83	42.97	642	4	253	2	254	256	259
contig00001_20	gnl|CDD|223416	0.0	41.69	1649	401	1054	20	681	662	683
contig00001_21	gnl|CDD|223862	4e-14	32.80	155	5	124	77	197	125	197
contig00001_22	gnl|CDD|225328	2e-12	38.46	144	14	77	8	71	65	71
contig00001_24	gnl|CDD|223106	0.0	54.01	1375	2	388	13	394	387	394
contig00001_26	gnl|CDD|223831	3e-10	23.36	143	50	259	98	304	214	320
contig00001_27	gnl|CDD|223470	4e-39	56.31	320	1	101	3	105	103	108
contig00001_30	gnl|CDD|223642	2e-90	43.01	701	5	286	56	341	286	342
contig00001_31	gnl|CDD|224106	0.0	47.83	1810	15	704	12	692	692	692
contig00001_32	gnl|CDD|223262	1e-28	50.56	247	1	89	1	89	89	89
contig00001_33	gnl|CDD|223848	1e-140	52.46	1029	4	285	2	285	284	294
contig00001_34	gnl|CDD|224743	2e-82	32.47	647	45	352	3	265	308	265
contig00001_35	gnl|CDD|227116	3e-14	19.03	181	100	697	217	747	636	766
contig00001_36	gnl|CDD|223114	1e-92	53.52	697	1	213	5	216	213	220
contig00001_37	gnl|CDD|223640	6e-55	33.73	453	9	244	2	252	255	260
contig00001_39	gnl|CDD|225136	1e-79	41.28	615	9	242	5	238	235	238
contig00001_40	gnl|CDD|223246	3e-24	26.49	259	149	605	14	499	502	499
contig00001_41	gnl|CDD|223513	6e-128	42.71	965	6	390	1	392	398	393
contig00001_43	gnl|CDD|224617	2e-88	39.26	690	16	336	3	321	326	323
contig00001_44	gnl|CDD|224796	0.0	59.92	1841	5	501	48	546	499	548
contig00001_45	gnl|CDD|224796	2e-09	21.23	136	75	335	137	412	292	548
contig00001_46	gnl|CDD|225471	1e-04	20.51	82	21	95	28	105	78	117
contig00001_47	gnl|CDD|224055	3e-139	40.37	1076	58	592	38	564	535	567
contig00001_48	gnl|CDD|226274	3e-09	30.14	129	116	183	145	214	73	252
contig00001_49	gnl|CDD|226674	2e-31	28.31	292	4	220	8	223	219	246
contig00001_50	gnl|CDD|223534	0.0	60.10	1387	13	408	1	393	396	400
contig00001_50	gnl|CDD|223534	4e-78	37.63	666	573	924	1	369	372	400
contig00001_51	gnl|CDD|223515	9e-13	18.98	161	1	324	1	275	332	381
contig00001_54	gnl|CDD|225153	1e-07	17.51	122	36	449	38	446	417	480
contig00001_55	gnl|CDD|223515	2e-32	25.68	310	35	349	21	342	331	381
contig00001_56	gnl|CDD|227074	4e-08	25.85	111	1	147	37	162	147	162
contig00001_57	gnl|CDD|224214	2e-20	28.69	214	64	303	49	292	244	303
contig00001_58	gnl|CDD|223235	8e-109	45.07	817	2	283	1	276	284	280
contig00001_59	gnl|CDD|224492	7e-49	36.13	392	1	139	1	154	155	155
contig00001_60	gnl|CDD|224383	1e-22	23.10	233	8	314	6	313	316	334
contig00001_62	gnl|CDD|223578	0.0	60.79	2221	5	536	1	531	533	533
contig00001_63	gnl|CDD|223778	5e-52	27.25	458	228	559	4	313	334	314
contig00001_66	gnl|CDD|223879	3e-96	38.40	751	6	394	1	341	401	348
contig00001_68	gnl|CDD|225438	7e-84	48.48	640	18	215	11	207	198	223
contig00001_69	gnl|CDD|224643	2e-07	26.26	121	607	700	156	254	99	262
contig00001_69	gnl|CDD|224643	3e-06	27.37	112	434	526	144	234	95	262
contig00001_69	gnl|CDD|224643	2e-04	23.30	98	508	610	142	243	103	262
contig00001_71	gnl|CDD|223265	0.0	59.29	2574	2	644	1	632	646	635
contig00001_72	gnl|CDD|223117	2e-105	42.76	800	1	301	1	302	304	313
contig00001_73	gnl|CDD|225556	3e-19	29.84	192	31	151	11	134	124	137
contig00001_75	gnl|CDD|223419	1e-82	47.64	709	394	667	228	498	275	506
contig00001_75	gnl|CDD|223419	3e-15	23.86	189	63	359	24	312	306	506
contig00001_75	gnl|CDD|223419	6e-14	24.86	178	823	999	327	492	181	506
contig00001_76	gnl|CDD|224739	7e-04	25.88	74	1	75	1	84	85	94
contig00001_77	gnl|CDD|226477	0.0	48.31	1997	31	729	32	724	708	724
contig00001_78	gnl|CDD|225439	3e-17	29.33	195	510	658	25	167	150	190
contig00001_79	gnl|CDD|223228	2e-40	27.58	369	51	372	57	334	330	345
contig00001_80	gnl|CDD|223294	8e-172	55.06	1249	1	354	3	358	356	363
contig00001_81	gnl|CDD|223361	1e-30	26.91	287	17	260	14	236	249	240
contig00001_82	gnl|CDD|224016	1e-69	36.46	557	7	292	2	273	288	281
contig00001_83	gnl|CDD|223805	2e-112	35.00	886	1	460	1	429	460	439
contig00001_86	gnl|CDD|223898	1e-04	33.33	78	1	54	1	54	54	67
contig00001_87	gnl|CDD|227308	6e-72	39.35	572	5	276	26	300	277	300
contig00001_88	gnl|CDD|223128	0.0	72.42	1719	2	389	8	394	388	394
contig00001_89	gnl|CDD|223762	4e-06	35.19	88	5	58	21	73	54	73
contig00001_90	gnl|CDD|223328	6e-51	44.89	411	1	176	3	176	176	178
contig00001_91	gnl|CDD|223158	5e-66	58.87	506	2	142	1	141	141	141
contig00001_92	gnl|CDD|223159	1e-83	53.74	640	1	226	1	227	227	228
contig00001_93	gnl|CDD|223322	8e-17	30.11	178	1	174	3	174	176	175
contig00001_94	gnl|CDD|223300	3e-19	56.00	189	1	125	2	124	125	124
contig00001_95	gnl|CDD|223163	0.0	51.52	1794	320	923	224	836	627	1060
contig00001_95	gnl|CDD|223163	1e-123	68.28	1055	1042	1268	829	1055	227	1060
contig00001_95	gnl|CDD|223163	2e-61	37.72	580	7	274	12	279	281	1060
contig00001_96	gnl|CDD|223164	0.0	43.71	2100	14	863	6	808	874	808
contig00001_96	gnl|CDD|223164	7e-04	42.86	97	922	949	414	441	28	808
contig00001_99	gnl|CDD|227325	2e-119	41.15	910	9	400	7	397	401	404
contig00001_102	gnl|CDD|224511	4e-32	34.81	286	20	170	15	172	158	182
contig00001_103	gnl|CDD|226467	7e-123	51.13	916	5	314	2	312	311	312
contig00001_104	gnl|CDD|224161	8e-07	21.88	113	31	154	81	188	128	261
contig00001_105	gnl|CDD|226468	2e-85	44.87	658	11	244	16	243	234	243
contig00001_106	gnl|CDD|223091	2e-180	57.03	1307	1	363	3	372	370	372
contig00001_107	gnl|CDD|223265	6e-178	34.66	1343	2	612	1	633	655	635
contig00001_108	gnl|CDD|223266	1e-94	32.92	790	43	491	18	486	486	804
contig00002_2	gnl|CDD|224544	1e-16	15.75	201	361	889	250	737	546	768
contig00002_7	gnl|CDD|224544	2e-10	13.02	148	415	966	266	767	553	768
contig00002_9	gnl|CDD|223816	7e-84	41.85	640	6	226	3	227	227	229
contig00002_10	gnl|CDD|223715	4e-56	33.14	474	20	356	12	330	338	336
contig00002_11	gnl|CDD|226014	1e-26	41.59	260	36	147	4	115	113	262
contig00002_12	gnl|CDD|223810	2e-38	32.73	351	174	390	48	259	220	277
contig00002_13	gnl|CDD|223569	0.0	41.82	1669	1	623	3	574	636	814
contig00002_13	gnl|CDD|223569	2e-57	35.37	534	686	916	570	814	246	814
contig00002_14	gnl|CDD|225088	3e-33	24.73	309	20	285	25	295	275	297
contig00002_16	gnl|CDD|224879	8e-51	36.82	427	1	266	2	268	277	270
contig00002_17	gnl|CDD|223208	6e-63	34.63	505	4	234	6	198	231	271
contig00002_18	gnl|CDD|223879	1e-139	46.42	1034	3	351	1	343	349	348
contig00002_21	gnl|CDD|223890	1e-137	45.86	1021	10	346	7	344	338	349
contig00002_22	gnl|CDD|223563	2e-66	41.46	541	79	322	35	265	246	265
contig00002_23	gnl|CDD|223766	3e-18	44.05	176	1	78	7	90	84	93
contig00002_24	gnl|CDD|223746	2e-53	29.37	474	228	596	2	356	378	365
contig00002_25	gnl|CDD|223945	2e-84	46.57	659	4	203	7	210	204	294
contig00002_26	gnl|CDD|223295	7e-73	40.59	570	1	238	6	235	239	241
contig00002_27	gnl|CDD|224423	7e-38	27.22	374	656	971	316	620	338	620
contig00002_28	gnl|CDD|223680	1e-15	34.57	159	7	84	16	96	81	110
contig00002_29	gnl|CDD|223680	2e-21	38.14	210	137	232	9	102	97	110
contig00002_29	gnl|CDD|223680	1e-17	43.24	181	19	90	18	91	74	110
contig00002_30	gnl|CDD|225660	2e-21	44.12	207	12	79	41	108	68	304
contig00002_32	gnl|CDD|225418	3e-10	27.61	135	10	139	3	118	134	121
contig00002_33	gnl|CDD|223514	6e-39	25.94	362	744	1007	1	191	266	203
contig00002_34	gnl|CDD|227844	4e-16	20.29	189	52	391	28	334	345	401
contig00002_36	gnl|CDD|224921	5e-05	26.53	90	81	178	35	125	98	150
contig00002_38	gnl|CDD|224537	1e-35	25.67	326	86	341	29	230	261	247
contig00002_39	gnl|CDD|223913	2e-171	45.25	1291	22	586	7	542	568	566
contig00002_40	gnl|CDD|225164	0.0	64.17	1384	6	326	10	330	321	332
contig00002_41	gnl|CDD|224516	6e-96	42.90	738	5	306	1	308	310	337
contig00002_44	gnl|CDD|224146	1e-07	25.41	105	9	114	42	157	122	157
contig00002_47	gnl|CDD|223705	3e-47	39.00	391	1	191	1	200	200	201
contig00002_49	gnl|CDD|223583	4e-49	54.21	390	1	106	3	109	107	131
contig00002_50	gnl|CDD|223880	3e-11	26.37	142	145	234	155	244	91	244
contig00002_51	gnl|CDD|224139	1e-83	44.80	649	8	275	2	265	279	276
contig00002_52	gnl|CDD|223187	1e-56	36.17	471	7	284	24	300	282	304
contig00002_53	gnl|CDD|224758	8e-09	22.35	121	1	169	26	190	170	209
contig00002_54	gnl|CDD|224758	3e-20	27.07	209	1	133	9	131	133	209
contig00002_54	gnl|CDD|224758	3e-07	38.78	113	255	303	160	206	49	209
contig00002_56	gnl|CDD|224910	5e-19	29.63	198	64	219	61	206	162	207
contig00002_57	gnl|CDD|225204	2e-36	35.39	315	7	184	2	177	178	177
contig00002_59	gnl|CDD|224455	2e-37	26.96	357	60	492	45	432	434	457
contig00002_59	gnl|CDD|224455	2e-11	19.68	153	64	251	261	443	188	457
contig00002_60	gnl|CDD|224482	2e-22	28.67	236	63	320	54	343	300	352
contig00002_61	gnl|CDD|224135	2e-33	32.89	302	5	229	3	220	228	220
contig00002_62	gnl|CDD|225374	1e-72	50.55	559	9	187	4	185	182	188
contig00002_63	gnl|CDD|224250	8e-129	35.03	1019	16	586	8	581	591	667
contig00002_64	gnl|CDD|223383	6e-07	24.49	118	25	121	22	119	98	326
contig00002_65	gnl|CDD|223697	7e-69	24.51	576	8	457	11	409	457	409
contig00002_66	gnl|CDD|225828	3e-07	46.15	119	550	610	85	149	65	297
contig00002_66	gnl|CDD|225828	6e-05	43.40	100	559	610	12	64	53	297
contig00002_67	gnl|CDD|224493	8e-12	22.73	151	7	210	7	199	220	307
contig00002_68	gnl|CDD|225941	4e-48	29.46	418	7	334	10	323	336	329
contig00002_69	gnl|CDD|223408	4e-103	49.83	782	1	285	3	295	293	310
contig00002_70	gnl|CDD|223792	7e-21	28.47	201	4	136	5	126	137	127
contig00002_72	gnl|CDD|224429	2e-34	34.62	313	19	173	24	175	156	271
contig00002_73	gnl|CDD|226285	8e-23	32.17	220	10	141	74	209	143	213
contig00002_74	gnl|CDD|224618	5e-67	42.63	521	6	194	2	185	190	185
contig00002_75	gnl|CDD|223860	2e-15	26.85	163	30	132	1	107	108	124
contig00002_76	gnl|CDD|223810	2e-40	36.59	359	106	300	58	260	205	277
contig00002_77	gnl|CDD|223092	0.0	43.08	2397	1	865	6	876	889	879
contig00002_79	gnl|CDD|223841	3e-108	36.19	842	13	421	26	448	431	451
contig00002_80	gnl|CDD|224182	2e-11	27.27	152	55	182	50	162	132	314
contig00002_80	gnl|CDD|224182	6e-05	52.00	99	325	349	219	243	25	314
contig00002_84	gnl|CDD|223997	2e-135	47.04	1005	5	322	23	343	321	358
contig00002_85	gnl|CDD|223582	1e-112	43.33	867	1	413	1	403	420	404
contig00002_86	gnl|CDD|224830	7e-14	39.13	145	1	67	1	69	69	75
contig00002_87	gnl|CDD|223447	6e-173	37.34	1316	5	672	2	649	683	653
contig00002_88	gnl|CDD|223959	2e-33	32.50	302	6	189	9	204	200	251
contig00003_3	gnl|CDD|223650	1e-28	26.43	284	44	418	21	419	401	419
contig00003_4	gnl|CDD|224596	1e-28	27.59	274	16	273	11	263	261	263
contig00003_5	gnl|CDD|224057	1e-89	41.87	696	6	235	1	244	246	249
contig00003_7	gnl|CDD|223539	5e-19	37.04	204	6	113	3	109	108	291
contig00003_8	gnl|CDD|224136	4e-18	27.96	200	12	198	57	263	211	439
contig00003_9	gnl|CDD|227322	5e-116	46.21	867	4	292	13	298	290	298
contig00003_10	gnl|CDD|223612	4e-166	33.49	1221	1	405	14	407	427	407
contig00003_11	gnl|CDD|225369	2e-111	42.93	888	5	359	3	369	368	515
contig00003_12	gnl|CDD|225206	3e-05	25.18	95	80	206	100	238	139	281
contig00003_13	gnl|CDD|224727	3e-15	20.88	171	72	253	52	226	182	229
contig00003_14	gnl|CDD|225844	1e-09	17.22	140	5	388	51	411	395	424
contig00003_15	gnl|CDD|223436	2e-29	38.93	262	1	149	1	148	149	148
contig00003_16	gnl|CDD|223316	5e-29	62.90	249	27	88	14	75	62	75
contig00003_17	gnl|CDD|223437	2e-29	43.16	256	2	96	1	95	95	112
contig00003_18	gnl|CDD|223780	1e-89	41.15	684	1	250	1	258	260	261
contig00003_20	gnl|CDD|224796	9e-135	41.51	1084	763	1128	182	548	371	548
contig00003_20	gnl|CDD|224796	7e-38	34.27	374	515	689	1	174	178	548
contig00003_21	gnl|CDD|223943	3e-34	30.67	308	1	237	3	227	238	229
contig00003_22	gnl|CDD|223581	6e-18	25.76	210	213	486	326	578	295	696
contig00003_22	gnl|CDD|223581	1e-06	32.86	116	579	645	607	672	70	696
contig00003_24	gnl|CDD|223813	1e-29	27.96	271	1	173	2	183	186	187
contig00003_25	gnl|CDD|223205	8e-72	49.73	553	1	183	2	184	185	194
contig00003_26	gnl|CDD|223547	2e-40	29.19	377	4	426	15	441	442	461
contig00003_27	gnl|CDD|223656	3e-35	23.67	322	1	296	1	297	300	297
contig00003_29	gnl|CDD|223458	3e-70	32.80	601	2	340	6	368	375	383
contig00003_30	gnl|CDD|224914	4e-52	40.61	431	20	248	1	224	229	224
contig00003_31	gnl|CDD|223346	1e-11	36.78	131	1	84	1	87	87	88
contig00003_33	gnl|CDD|223519	2e-132	31.40	1015	5	490	11	499	516	500
contig00003_37	gnl|CDD|223409	2e-67	31.83	551	5	357	4	322	355	323
contig00003_38	gnl|CDD|223379	3e-79	46.43	606	23	216	1	193	196	195
contig00003_39	gnl|CDD|223293	0.0	41.99	1358	3	490	1	462	493	464
contig00003_40	gnl|CDD|223754	3e-31	35.17	297	13	155	16	158	145	287
contig00003_40	gnl|CDD|223754	7e-07	30.23	113	248	333	175	257	86	287
contig00003_41	gnl|CDD|224347	1e-30	46.94	271	72	169	18	114	98	126
contig00003_43	gnl|CDD|225877	5e-39	32.42	340	5	212	3	217	219	224
contig00003_44	gnl|CDD|223768	0.0	52.45	1652	3	503	1	508	511	509
contig00003_45	gnl|CDD|223103	7e-102	51.00	766	1	246	2	250	249	255
contig00003_46	gnl|CDD|225136	3e-09	45.24	128	126	167	109	150	42	238
contig00003_47	gnl|CDD|224495	3e-12	23.81	151	14	244	3	231	231	239
contig00003_48	gnl|CDD|223404	2e-33	39.72	312	4	143	3	141	141	250
contig00003_48	gnl|CDD|223404	3e-19	26.79	207	238	348	127	238	112	250
contig00003_49	gnl|CDD|223613	2e-159	44.74	1219	159	649	23	510	494	541
contig00003_49	gnl|CDD|223613	5e-74	34.38	638	134	568	86	512	448	541
contig00003_49	gnl|CDD|223613	2e-42	34.63	403	159	483	194	514	335	541
contig00003_49	gnl|CDD|223613	2e-05	22.75	106	160	319	366	523	167	541
contig00003_50	gnl|CDD|223449	2e-93	30.38	738	32	420	9	372	395	390
contig00003_51	gnl|CDD|223226	0.0	61.88	1648	1	425	1	419	425	423
contig00003_52	gnl|CDD|223579	0.0	51.89	1320	2	365	1	366	370	368
contig00003_53	gnl|CDD|223281	1e-55	58.62	438	1	116	1	116	116	116
contig00003_54	gnl|CDD|223280	8e-97	41.46	745	6	321	1	307	316	317
contig00003_55	gnl|CDD|223596	2e-79	51.94	606	1	202	1	205	206	205
contig00003_56	gnl|CDD|223178	6e-45	61.26	363	22	132	19	129	111	129
contig00003_57	gnl|CDD|223177	5e-49	57.80	389	1	109	1	109	109	121
contig00003_58	gnl|CDD|223438	4e-36	63.38	294	1	71	1	71	71	75
contig00003_59	gnl|CDD|223279	6e-112	41.04	868	1	432	3	432	441	436
contig00003_60	gnl|CDD|223278	2e-36	53.79	309	1	128	1	130	132	152
contig00003_61	gnl|CDD|224754	3e-21	50.91	192	4	58	1	55	55	55
contig00003_62	gnl|CDD|223176	3e-64	53.66	500	10	172	18	181	164	181
contig00003_63	gnl|CDD|223334	2e-41	56.52	337	8	118	11	125	115	125
contig00003_64	gnl|CDD|223175	4e-69	53.85	533	1	181	1	177	182	178
contig00003_65	gnl|CDD|223174	4e-61	51.52	471	1	132	2	132	132	132
contig00003_66	gnl|CDD|223277	3e-23	57.89	208	33	89	5	61	57	61
contig00003_67	gnl|CDD|223172	2e-85	54.49	642	3	179	2	179	178	180
contig00003_68	gnl|CDD|223276	6e-28	51.92	245	3	104	2	103	104	104
contig00003_69	gnl|CDD|223171	1e-69	72.13	525	1	122	1	122	122	122
contig00003_70	gnl|CDD|223264	4e-32	53.49	269	1	86	1	86	86	87
contig00003_71	gnl|CDD|223333	0.001	35.19	70	2	55	4	57	54	69
contig00003_72	gnl|CDD|223275	1e-66	63.97	510	1	134	2	137	136	146
contig00003_73	gnl|CDD|223170	4e-84	58.21	654	12	210	1	201	201	233
contig00003_74	gnl|CDD|223169	4e-27	44.63	244	12	132	3	120	121	120
contig00003_75	gnl|CDD|223263	2e-45	60.87	358	1	92	1	92	92	93
contig00003_76	gnl|CDD|223168	4e-136	53.82	995	1	274	1	275	275	275
contig00003_77	gnl|CDD|223167	5e-13	38.95	141	3	97	3	94	95	94
contig00003_78	gnl|CDD|223166	6e-58	39.81	465	1	208	2	211	211	214
contig00003_79	gnl|CDD|223165	5e-78	48.33	598	1	204	1	208	209	218
contig00003_80	gnl|CDD|223129	3e-46	59.41	367	1	101	2	102	101	104
contig00003_81	gnl|CDD|223556	0.0	59.10	2553	4	709	5	695	709	697
contig00003_82	gnl|CDD|223127	7e-66	47.65	506	1	149	1	148	149	148
contig00003_83	gnl|CDD|223126	8e-69	77.24	520	1	123	7	129	123	129
contig00003_84	gnl|CDD|223288	0.0	45.19	1647	31	667	1	634	644	655
contig00003_86	gnl|CDD|223837	1e-141	38.44	1063	1	436	1	418	437	421
contig00003_87	gnl|CDD|223600	1e-16	25.37	172	33	166	2	126	134	127
contig00003_88	gnl|CDD|223649	4e-26	31.89	246	4	184	9	191	185	193
contig00003_89	gnl|CDD|223560	3e-95	44.36	743	1	369	1	371	381	371
contig00003_93	gnl|CDD|223888	1e-24	35.40	227	14	126	11	123	113	123
contig00003_94	gnl|CDD|224867	9e-43	43.55	352	15	138	40	160	124	163
contig00003_95	gnl|CDD|223650	8e-21	24.52	225	24	414	2	418	420	419
contig00003_96	gnl|CDD|223216	0.0	44.27	1520	7	507	2	515	515	515
contig00003_97	gnl|CDD|224003	1e-131	49.85	980	3	342	1	341	343	342
contig00003_98	gnl|CDD|224705	1e-25	25.71	252	59	258	67	275	210	284
contig00003_100	gnl|CDD|223839	1e-124	30.32	982	1	585	14	597	620	599
contig00003_101	gnl|CDD|223843	7e-61	35.34	517	75	421	79	372	348	381
contig00003_102	gnl|CDD|223831	6e-06	21.71	108	341	490	164	304	152	320
contig00003_103	gnl|CDD|224173	2e-73	28.86	604	19	413	22	421	402	429
contig00003_104	gnl|CDD|224369	1e-04	23.68	91	105	179	57	130	76	784
contig00003_107	gnl|CDD|224438	7e-19	23.20	198	1	223	1	243	250	251
contig00003_108	gnl|CDD|223953	8e-135	35.75	1062	198	724	17	606	593	613
contig00005_4	gnl|CDD|225487	1e-11	21.71	157	65	326	31	263	281	563
contig00005_6	gnl|CDD|226851	3e-49	37.44	407	18	210	5	199	195	200
contig00005_7	gnl|CDD|223453	0.0	72.27	3112	4	746	1	730	743	730
contig00005_9	gnl|CDD|225828	3e-09	31.37	134	472	615	12	162	153	297
contig00005_10	gnl|CDD|223587	1e-127	48.24	987	1	364	41	404	369	513
contig00005_13	gnl|CDD|224527	2e-38	32.22	332	8	183	16	194	180	205
contig00005_14	gnl|CDD|223881	2e-24	24.86	241	102	273	38	210	173	216
contig00005_18	gnl|CDD|224185	5e-06	31.11	103	158	243	125	214	90	226
contig00005_19	gnl|CDD|223120	4e-99	38.72	761	1	323	1	323	328	323
contig00005_20	gnl|CDD|226957	4e-17	23.81	197	208	388	208	395	189	408
contig00005_21	gnl|CDD|223927	3e-21	35.04	205	34	145	2	112	117	118
contig00005_22	gnl|CDD|224055	4e-131	38.90	1021	26	587	19	565	563	567
contig00005_23	gnl|CDD|223423	4e-09	25.53	115	10	136	3	138	141	138
contig00005_24	gnl|CDD|223943	2e-14	24.56	163	38	198	6	170	171	229
contig00005_27	gnl|CDD|225117	2e-26	34.95	249	191	293	17	119	103	127
contig00005_29	gnl|CDD|226769	1e-05	29.79	95	74	165	36	129	94	137
contig00005_31	gnl|CDD|223619	3e-35	48.15	305	45	149	97	204	108	205
contig00005_36	gnl|CDD|227204	2e-63	29.26	545	66	370	351	652	311	652
contig00005_37	gnl|CDD|224160	2e-56	25.63	492	13	362	1	322	355	423
contig00005_39	gnl|CDD|223193	2e-59	36.75	489	13	288	3	276	283	284
contig00005_40	gnl|CDD|225448	0.0	56.20	1449	3	410	6	411	411	431
contig00005_41	gnl|CDD|223253	7e-43	28.95	374	2	297	16	261	304	261
contig00005_42	gnl|CDD|223603	5e-102	56.84	754	5	194	1	190	190	197
contig00005_43	gnl|CDD|223547	2e-10	14.87	147	131	567	73	441	437	461
contig00005_46	gnl|CDD|223180	5e-60	52.55	466	7	142	2	138	137	148
contig00005_47	gnl|CDD|223181	2e-62	56.25	478	1	128	3	130	128	130
contig00005_48	gnl|CDD|223130	5e-103	53.95	772	4	229	1	227	228	252
contig00005_49	gnl|CDD|223342	6e-95	45.13	725	1	273	2	276	277	296
contig00005_50	gnl|CDD|223602	9e-127	63.40	926	1	234	3	237	235	238
contig00005_51	gnl|CDD|223311	2e-71	49.73	550	4	187	3	187	185	187
contig00005_52	gnl|CDD|224759	3e-11	35.96	133	38	150	14	125	114	126
contig00005_53	gnl|CDD|223244	0.0	50.42	1429	50	522	3	445	474	446
contig00005_54	gnl|CDD|223735	8e-56	46.63	444	1	163	1	161	163	176
contig00005_55	gnl|CDD|223766	6e-19	38.89	191	157	226	1	72	72	93
contig00005_56	gnl|CDD|223753	1e-12	26.00	156	127	260	16	164	150	166
contig00005_58	gnl|CDD|227136	0.0	43.31	1444	2	528	1	515	531	526
contig00005_59	gnl|CDD|223749	8e-150	41.58	1118	12	396	12	401	392	436
contig00005_60	gnl|CDD|224055	2e-154	38.01	1177	1	584	1	564	584	567
contig00005_61	gnl|CDD|223222	2e-73	37.83	597	102	383	50	353	304	355
contig00005_62	gnl|CDD|225014	2e-124	57.14	920	12	256	15	259	245	298
contig00005_63	gnl|CDD|224154	4e-62	26.07	537	24	489	22	479	468	487
contig00005_64	gnl|CDD|223867	3e-78	42.69	611	8	263	7	263	260	269
contig00005_65	gnl|CDD|225381	4e-09	25.15	120	1	162	1	163	167	170
contig00005_66	gnl|CDD|225381	7e-10	23.49	125	19	166	24	167	149	170
contig00005_67	gnl|CDD|227116	8e-87	25.10	749	62	824	47	766	789	766
contig00005_67	gnl|CDD|227116	1e-04	18.52	100	288	445	27	168	162	766
contig00005_68	gnl|CDD|223099	3e-110	49.35	818	3	233	16	245	231	245
contig00005_70	gnl|CDD|223139	2e-73	35.17	582	3	289	2	280	290	281
contig00005_72	gnl|CDD|223923	2e-79	41.91	613	6	242	1	240	241	243
contig00005_73	gnl|CDD|223669	1e-24	24.63	243	4	258	10	279	272	282
contig00005_74	gnl|CDD|227048	3e-11	33.33	133	80	142	85	147	63	151
contig00005_77	gnl|CDD|224108	3e-81	44.40	639	133	364	1	241	241	248
contig00007_1	gnl|CDD|223894	7e-32	38.35	277	1	133	3	133	133	137
contig00007_3	gnl|CDD|223195	5e-65	53.57	519	15	152	13	146	140	146
contig00007_4	gnl|CDD|225443	5e-51	34.83	431	1	284	1	280	290	280
contig00007_5	gnl|CDD|223350	0.0	45.86	2110	4	665	9	667	665	667
contig00007_7	gnl|CDD|223406	3e-93	46.76	716	8	282	5	281	278	299
contig00007_8	gnl|CDD|226590	1e-18	23.33	198	21	258	11	240	240	254
contig00007_9	gnl|CDD|224672	9e-04	27.45	75	19	69	8	58	51	74
contig00007_10	gnl|CDD|223529	3e-112	44.56	861	4	397	2	386	395	392
contig00007_12	gnl|CDD|223571	5e-114	34.30	902	1	548	1	553	554	557
contig00007_13	gnl|CDD|223696	2e-54	31.66	452	4	260	3	256	259	259
contig00007_14	gnl|CDD|226593	0.0	53.90	1871	1	525	3	527	525	528
contig00007_15	gnl|CDD|223860	1e-10	24.75	135	5	105	1	101	101	124
contig00007_16	gnl|CDD|224511	3e-40	30.36	340	1	167	10	177	168	182
contig00007_17	gnl|CDD|224154	6e-96	31.85	768	1	488	4	486	493	487
contig00007_18	gnl|CDD|224478	2e-37	26.92	337	16	257	16	270	260	288
contig00007_19	gnl|CDD|224360	1e-50	41.67	410	1	166	2	169	168	185
contig00007_20	gnl|CDD|223792	3e-24	36.43	224	1	135	1	126	140	127
contig00007_21	gnl|CDD|223379	1e-69	44.68	542	33	216	10	193	188	195
contig00007_22	gnl|CDD|223492	3e-145	40.81	1091	1	428	3	458	468	461
contig00007_24	gnl|CDD|224156	5e-33	28.51	303	8	232	8	239	242	269
contig00007_25	gnl|CDD|223122	2e-78	35.38	639	1	413	1	419	424	430
contig00007_28	gnl|CDD|224059	2e-40	32.00	350	43	234	22	215	200	226
contig00007_30	gnl|CDD|223343	8e-13	32.22	160	178	259	245	334	90	347
contig00007_31	gnl|CDD|224655	8e-43	29.82	370	9	226	10	233	228	276
contig00007_32	gnl|CDD|223615	0.0	54.29	1474	1	417	1	419	420	451
contig00007_33	gnl|CDD|223268	9e-133	54.64	975	4	282	1	276	280	283
contig00007_34	gnl|CDD|223675	2e-39	30.66	338	1	192	7	212	212	212
contig00007_35	gnl|CDD|223394	0.0	36.70	1606	29	727	22	700	703	701
contig00007_36	gnl|CDD|223257	4e-36	21.45	335	78	361	7	238	289	266
contig00007_37	gnl|CDD|223190	0.0	59.52	1635	2	421	9	411	420	413
contig00007_39	gnl|CDD|223669	9e-05	19.44	94	115	311	56	263	216	282
contig00007_41	gnl|CDD|224584	4e-16	27.45	172	19	166	12	164	153	187
contig00007_42	gnl|CDD|224108	9e-80	41.30	622	7	238	4	248	247	248
contig00007_44	gnl|CDD|226783	1e-38	37.75	326	6	150	16	164	151	167
contig00007_46	gnl|CDD|223743	4e-06	24.34	100	38	183	71	215	152	232
contig00007_47	gnl|CDD|223959	3e-72	47.62	567	4	247	3	251	252	251
contig00007_48	gnl|CDD|223600	8e-09	29.27	121	229	351	7	126	123	127
contig00007_49	gnl|CDD|226119	6e-04	32.65	92	632	676	198	246	49	251
contig00007_50	gnl|CDD|223152	2e-133	61.72	981	1	289	1	290	290	293
contig00007_51	gnl|CDD|223193	2e-41	26.71	364	1	266	1	270	277	284
contig00007_52	gnl|CDD|224592	2e-26	26.92	247	6	173	14	189	182	194
contig00007_53	gnl|CDD|223337	2e-76	45.19	588	5	210	7	214	208	214
contig00007_54	gnl|CDD|223745	2e-47	25.44	415	5	336	4	333	338	342
contig00007_55	gnl|CDD|223847	5e-29	52.17	250	1	69	2	70	69	94
contig00007_56	gnl|CDD|223301	4e-95	40.97	731	2	308	1	303	310	307
contig00007_57	gnl|CDD|223588	1e-144	48.71	1116	4	349	3	346	349	590
contig00007_57	gnl|CDD|223588	1e-06	27.27	116	500	565	339	398	66	590
contig00007_58	gnl|CDD|226426	7e-33	33.71	291	13	184	10	183	175	183
contig00007_60	gnl|CDD|223616	0.0	47.72	2461	5	835	2	785	832	786
contig00007_61	gnl|CDD|223266	0.0	54.39	2725	1	794	17	800	798	804
contig00007_61	gnl|CDD|223266	5e-19	23.39	222	581	796	488	699	218	804
contig00007_63	gnl|CDD|223660	3e-163	31.96	1313	163	886	280	1043	776	1139
contig00007_64	gnl|CDD|225046	3e-38	29.88	337	1	234	3	224	241	226
contig00008_2	gnl|CDD|223631	0.0	43.16	1609	77	716	61	705	651	706
contig00008_3	gnl|CDD|223385	1e-15	18.67	190	105	512	67	480	450	859
contig00008_4	gnl|CDD|223565	3e-15	18.15	172	10	256	1	211	248	252
contig00008_6	gnl|CDD|223663	3e-51	48.67	408	1	141	4	151	150	152
contig00008_7	gnl|CDD|223251	0.0	53.91	2206	2	582	1	585	588	585
contig00008_8	gnl|CDD|223116	3e-47	33.08	433	64	449	63	434	390	443
contig00008_9	gnl|CDD|225828	5e-08	28.47	129	1010	1152	62	204	144	297
contig00008_9	gnl|CDD|225828	9e-05	30.10	102	768	868	81	177	103	297
contig00008_9	gnl|CDD|225828	4e-04	35.14	96	781	854	10	76	74	297
contig00008_10	gnl|CDD|223125	6e-108	50.66	800	1	228	3	230	229	231
contig00008_11	gnl|CDD|223089	4e-44	28.05	390	34	330	14	278	303	305
contig00008_13	gnl|CDD|223214	8e-135	49.70	999	1	325	2	334	338	334
contig00008_14	gnl|CDD|224544	2e-18	15.83	215	127	777	83	768	714	768
contig00008_15	gnl|CDD|223303	1e-73	53.50	565	40	192	6	160	157	174
contig00008_17	gnl|CDD|224523	3e-36	45.10	311	1	153	4	155	153	157
contig00008_20	gnl|CDD|223229	0.0	46.59	1367	30	449	1	419	425	428
contig00008_21	gnl|CDD|223664	2e-28	26.67	293	7	332	2	310	330	493
contig00008_22	gnl|CDD|226664	8e-19	21.29	218	25	688	20	606	695	608
contig00008_23	gnl|CDD|226674	2e-104	48.77	780	2	244	7	246	244	246
contig00008_24	gnl|CDD|223829	2e-71	36.93	581	6	352	8	350	352	350
contig00008_26	gnl|CDD|224811	5e-29	24.77	282	6	330	23	313	327	318
contig00008_27	gnl|CDD|223098	4e-30	20.23	297	19	421	3	380	430	394
contig00008_28	gnl|CDD|223732	2e-39	25.29	375	1	490	17	509	514	554
contig00008_29	gnl|CDD|224138	0.0	57.31	2281	1	586	2	589	588	603
contig00008_30	gnl|CDD|223104	2e-05	24.63	103	29	227	18	217	203	429
contig00008_31	gnl|CDD|223893	9e-26	22.39	260	134	334	219	395	201	425
contig00008_31	gnl|CDD|223893	2e-15	29.26	182	132	318	261	423	188	425
contig00008_31	gnl|CDD|223893	2e-08	21.47	125	183	343	102	268	177	425
contig00008_31	gnl|CDD|223893	3e-08	22.65	124	32	212	233	385	181	425
contig00008_32	gnl|CDD|225143	2e-28	30.14	284	91	296	167	374	219	435
contig00008_33	gnl|CDD|223820	0.0	51.37	1819	372	951	18	593	582	593
contig00008_34	gnl|CDD|223539	3e-16	23.46	178	6	183	7	173	179	291
contig00008_35	gnl|CDD|223122	6e-143	38.48	1074	8	441	3	428	434	430
contig00008_37	gnl|CDD|223395	3e-06	21.90	108	78	316	177	423	274	534
contig00008_39	gnl|CDD|223423	5e-05	18.05	87	8	126	6	138	133	138
contig00008_40	gnl|CDD|223240	5e-152	43.59	1129	8	432	1	401	429	401
contig00008_41	gnl|CDD|223528	4e-23	24.82	236	1	262	2	264	278	314
contig00008_43	gnl|CDD|223528	3e-44	21.56	388	2	306	1	308	320	314
contig00008_44	gnl|CDD|223982	1e-102	37.22	784	26	340	1	302	317	308
contig00008_45	gnl|CDD|226039	3e-56	22.73	484	1	383	11	418	418	427
contig00008_46	gnl|CDD|225726	8e-88	34.67	694	18	388	11	359	375	363
contig00008_48	gnl|CDD|223791	2e-82	26.52	667	41	431	35	410	396	412
contig00008_49	gnl|CDD|223473	1e-139	63.60	1013	1	249	3	248	250	251
contig00008_50	gnl|CDD|223791	1e-163	40.36	1213	44	484	1	412	446	412
contig00008_51	gnl|CDD|223393	1e-40	46.79	331	1	109	4	110	109	110
contig00009_1	gnl|CDD|223914	2e-14	22.60	173	4	334	4	352	354	372
contig00009_2	gnl|CDD|223911	0.0	26.00	1486	13	1151	1	1007	1146	1009
contig00009_2	gnl|CDD|223911	1e-22	17.70	255	7	473	505	978	486	1009
contig00009_3	gnl|CDD|224076	1e-177	39.86	1331	1	515	17	603	592	627
contig00009_4	gnl|CDD|223258	9e-106	40.89	804	1	305	5	314	313	314
contig00009_5	gnl|CDD|226483	4e-27	22.85	283	61	518	32	444	477	558
contig00009_7	gnl|CDD|224609	5e-23	40.78	213	6	105	1	103	103	138
contig00009_8	gnl|CDD|224829	2e-05	30.77	93	18	94	34	101	78	131
contig00009_9	gnl|CDD|224240	4e-44	38.12	368	1	160	1	151	160	154
contig00009_10	gnl|CDD|225070	1e-20	21.62	217	43	298	33	256	259	293
contig00009_11	gnl|CDD|223112	1e-27	24.50	286	30	506	25	399	498	470
contig00009_13	gnl|CDD|225007	5e-62	44.86	487	7	190	5	180	185	184
contig00009_15	gnl|CDD|223726	0.0	41.96	1506	412	1021	246	786	622	822
contig00009_15	gnl|CDD|223726	1e-86	42.77	764	4	335	3	244	332	822
contig00009_16	gnl|CDD|227278	2e-30	20.97	299	34	421	37	420	391	420
contig00009_19	gnl|CDD|224130	8e-44	25.72	386	1	285	1	286	311	286
contig00009_20	gnl|CDD|223827	1e-64	63.16	497	12	144	17	148	133	148
contig00009_21	gnl|CDD|225153	2e-17	19.31	202	1	460	5	461	466	480
contig00009_22	gnl|CDD|224092	9e-68	34.17	553	12	327	10	321	319	347
contig00009_23	gnl|CDD|223329	6e-27	35.62	244	7	152	2	128	146	130
contig00009_24	gnl|CDD|223138	0.0	32.89	2382	4	1051	13	933	1055	933
contig00009_25	gnl|CDD|224648	9e-06	23.68	91	9	122	2	108	114	120
contig00009_26	gnl|CDD|223670	5e-18	25.00	188	8	199	13	151	196	167
contig00009_27	gnl|CDD|225143	2e-31	29.08	308	175	457	114	402	306	435
contig00009_28	gnl|CDD|223318	2e-94	34.77	730	5	328	2	323	325	329
contig00009_30	gnl|CDD|223232	2e-146	45.21	1103	1	470	4	465	480	475
contig00009_31	gnl|CDD|223812	2e-14	32.50	172	114	266	134	290	160	296
contig00009_33	gnl|CDD|224299	8e-11	25.40	139	1	126	2	125	126	251
contig00009_34	gnl|CDD|225829	3e-09	19.13	138	300	676	172	542	413	671
contig00009_35	gnl|CDD|224688	2e-50	33.33	431	14	268	6	253	258	265
contig00009_37	gnl|CDD|227342	2e-137	30.57	1097	14	748	5	742	785	797
contig00009_38	gnl|CDD|224702	5e-110	59.07	813	4	218	3	217	215	220
contig00009_39	gnl|CDD|224968	2e-103	58.06	769	3	219	6	222	217	225
contig00009_40	gnl|CDD|224048	0.0	45.51	1355	2	482	7	501	512	539
contig00009_40	gnl|CDD|224048	4e-63	44.16	548	16	235	307	534	231	539
contig00009_40	gnl|CDD|224048	1e-59	43.56	524	268	482	3	226	225	539
contig00009_41	gnl|CDD|224594	2e-25	22.90	259	97	356	75	363	297	390
contig00009_42	gnl|CDD|223398	2e-74	40.09	577	1	227	19	221	227	221
contig00009_43	gnl|CDD|225064	3e-59	47.33	464	24	171	2	151	150	155
contig00009_44	gnl|CDD|223949	1e-58	33.61	488	29	268	4	230	241	266
contig00009_45	gnl|CDD|225931	1e-121	47.19	904	16	281	1	265	267	265
contig00009_46	gnl|CDD|225991	2e-40	60.19	327	5	97	7	109	103	117
contig00009_47	gnl|CDD|225931	9e-75	39.29	587	24	268	21	265	252	265
contig00009_48	gnl|CDD|225062	1e-25	33.33	235	1	94	11	108	99	111
contig00009_50	gnl|CDD|223955	3e-56	41.96	462	1	255	4	257	255	257
contig00009_51	gnl|CDD|224170	4e-108	48.36	825	25	299	20	294	275	307
contig00009_51	gnl|CDD|224170	1e-06	35.96	112	296	383	180	265	89	307
contig00009_53	gnl|CDD|224961	8e-17	31.50	173	9	130	10	135	127	141
contig00009_54	gnl|CDD|223261	3e-120	43.87	915	5	401	4	391	408	392
contig00009_55	gnl|CDD|223735	2e-60	46.78	476	1	171	3	173	171	176
